Microchip MPLAB XC8 Compiler V2.45

Linker command line:

-W-3 \
  --edf=C:\Program Files\Microchip\xc8\v2.45\pic\dat\20230818022343_en.msgs \
  -cn -h+dist/default/production\shooting.X.production.sym \
  --cmf=dist/default/production\shooting.X.production.cmf -z -Q18F4520 \
  -oC:\Users\KEVINC~1\AppData\Local\Temp\xcAsd1k.\driver_tmp_3.o \
  --defsym=__MPLAB_BUILD=1 --fixupoverflow=error \
  -Mdist/default/production/shooting.X.production.map \
  --md=C:\Users\KEVINC~1\AppData\Local\Temp\xcAsd1k.\driver_tmp_0.dat -E1 \
  -ver=XC8 Compiler --acfsm=1493 -ACODE=00h-07FFFh -ACONST=00h-07FFFh \
  -ASMALLCONST=0600h-06FFhx122 -AMEDIUMCONST=0600h-07FFFh -ACOMRAM=01h-07Fh \
  -AABS1=00h-05FFh -ABIGRAM=01h-05FFh -ARAM=080h-0FFh,0100h-01FFhx5 \
  -ABANK0=080h-0FFh -ABANK1=0100h-01FFh -ABANK2=0200h-02FFh \
  -ABANK3=0300h-03FFh -ABANK4=0400h-04FFh -ABANK5=0500h-05FFh \
  -ASFR=0F80h-0FFFh -ABIGSFR=0F80h-0FFFh -ACONFIG=0300000h-030000Dh \
  -AIDLOC=0200000h-0200007h -AEEDATA=0F00000h-0F000FFh -peeprom_data=EEDATA \
  -preset_vec=00h,intcode=08h,intcodelo=018h,powerup,init -pramtop=0600h \
  -psmallconst=SMALLCONST -pmediumconst=MEDIUMCONST -pconst=CONST \
  -AFARRAM=00h-00h \
  -prdata=COMRAM,nvrram=COMRAM,nvbit=COMRAM,rbss=COMRAM,rbit=COMRAM \
  -pfarbss=FARRAM,fardata=FARRAM,nvFARRAM=FARRAM \
  -pintsave_regs=BIGRAM,bigbss=BIGRAM,bigdata=BIGRAM -pbss=RAM \
  -pidata=CODE,irdata=CODE,ibigdata=CODE,ifardata=CODE -prparam=COMRAM \
  C:\Users\KEVINC~1\AppData\Local\Temp\xcAsd1k.\driver_tmp_14.o \
  dist/default/production\shooting.X.production.o 

Object code version is 3.11

Machine type is 18F4520



                Name                               Link     Load   Length Selector   Space Scale
C:\Users\KEVINC~1\AppData\Local\Temp\xcAsd1k.\driver_tmp_14.o
                idloc                            200000   200000        8        0       5
                config                           300000   300000        E        0       4
                init                                 6C       6C        4        C       0
                reset_vec                             0        0        4        0       0
dist/default/production\shooting.X.production.o
                intcodelo                            18       18       54        C       0
                intcode                               8        8        6        4       0
                idloc                            200000   200000        8        0       5
                config                           300000   300000        E        0       4
                temp                                 48       48        1        1       1
                smallconst                          600      600       F4      300       0
                text36                             17CA     17CA       40      37A       0
                text35                             19F8     19F8       16      37A       0
                text34                             178A     178A       40      37A       0
                text33                             111C     111C       C4      37A       0
                text32                             14B8     14B8       B0      37A       0
                text31                             1930     1930       34      37A       0
                text30                             1A1C     1A1C        2      37A       0
                text29                             129C     129C       BA      37A       0
                text28                              C5A      C5A      1BA      37A       0
                text27                             180A     180A       3E      37A       0
                text26                             1884     1884       3C      37A       0
                text25                             18C0     18C0       3A      37A       0
                intcode_body                        E14      E14      170      37A       0
                text23                             19E2     19E2       16      37A       0
                text22                             1408     1408       B0      37A       0
                text21                             1568     1568       7E      37A       0
                text19                             19CC     19CC       16      37A       0
                text18                             163C     163C       46      37A       0
                text17                             1A0E     1A0E        A      37A       0
                text16                             199E     199E       18      37A       0
                text15                             1964     1964       22      37A       0
                text14                             19B6     19B6       16      37A       0
                text13                             1708     1708       42      37A       0
                text12                             1986     1986       18      37A       0
                text11                             1682     1682       44      37A       0
                text10                             1056     1056       C6      37A       0
                text9                              1356     1356       B2      37A       0
                text8                              18FA     18FA       36      37A       0
                text7                              1A1A     1A1A        2      37A       0
                text6                              11E0     11E0       BC      37A       0
                text5                               A98      A98      1C2      37A       0
                text4                              16C6     16C6       42      37A       0
                text3                              174A     174A       40      37A       0
                text2                              1848     1848       3C      37A       0
                text1                               F84      F84       D2      37A       0
                text0                               6F4      6F4      3A4      37A       0
                cstackCOMRAM                          1        1       3F        1       1
                cstackBANK0                          B7       B7       2F       80       1
                bssBANK2                            200      200       C8      200       1
                bssBANK1                            100      100       C8      100       1
                bssBANK0                             80       80       37       80       1
                dataCOMRAM                           46       46        2        1       1
                bssCOMRAM                            40       40        6        1       1
                cinit                              15E6     15E6       56      37A       0
                idataCOMRAM                        1A18     1A18        2      37A       0

TOTAL           Name                               Link     Load   Length     Space
        CLASS   CODE           
                intcodelo                            18       18       54         0
                intcode                               8        8        6         0
                init                                 6C       6C        4         0
                reset_vec                             0        0        4         0
                text36                             17CA     17CA       40         0
                text35                             19F8     19F8       16         0
                text34                             178A     178A       40         0
                text33                             111C     111C       C4         0
                text32                             14B8     14B8       B0         0
                text31                             1930     1930       34         0
                text30                             1A1C     1A1C        2         0
                text29                             129C     129C       BA         0
                text28                              C5A      C5A      1BA         0
                text27                             180A     180A       3E         0
                text26                             1884     1884       3C         0
                text25                             18C0     18C0       3A         0
                intcode_body                        E14      E14      170         0
                text23                             19E2     19E2       16         0
                text22                             1408     1408       B0         0
                text21                             1568     1568       7E         0
                text19                             19CC     19CC       16         0
                text18                             163C     163C       46         0
                text17                             1A0E     1A0E        A         0
                text16                             199E     199E       18         0
                text15                             1964     1964       22         0
                text14                             19B6     19B6       16         0
                text13                             1708     1708       42         0
                text12                             1986     1986       18         0
                text11                             1682     1682       44         0
                text10                             1056     1056       C6         0
                text9                              1356     1356       B2         0
                text8                              18FA     18FA       36         0
                text7                              1A1A     1A1A        2         0
                text6                              11E0     11E0       BC         0
                text5                               A98      A98      1C2         0
                text4                              16C6     16C6       42         0
                text3                              174A     174A       40         0
                text2                              1848     1848       3C         0
                text1                               F84      F84       D2         0
                text0                               6F4      6F4      3A4         0
                cinit                              15E6     15E6       56         0
                idataCOMRAM                        1A18     1A18        2         0

        CLASS   CONST          

        CLASS   SMALLCONST     
                smallconst                          600      600       F4         0

        CLASS   MEDIUMCONST    

        CLASS   COMRAM         
                temp                                 48       48        1         1
                cstackCOMRAM                          1        1       3F         1
                dataCOMRAM                           46       46        2         1
                bssCOMRAM                            40       40        6         1

        CLASS   ABS1           

        CLASS   BIGRAM         

        CLASS   RAM            

        CLASS   BANK0          
                cstackBANK0                          B7       B7       2F         1
                bssBANK0                             80       80       37         1

        CLASS   BANK1          
                bssBANK1                            100      100       C8         1

        CLASS   BANK2          
                bssBANK2                            200      200       C8         1

        CLASS   BANK3          

        CLASS   BANK4          

        CLASS   BANK5          

        CLASS   SFR            

        CLASS   BIGSFR         

        CLASS   CONFIG         
                config                           300000   300000        E         4

        CLASS   IDLOC          
                idloc                            200000   200000        8         5

        CLASS   EEDATA         

        CLASS   FARRAM         

        CLASS   HEAP           

        CLASS   STACK          



SEGMENTS        Name                           Load    Length   Top    Selector   Space  Class

                reset_vec                      000000  000004  000004         0       0  CODE    
                cstackCOMRAM                   000001  000048  000049         1       1  COMRAM  
                intcode                        000008  000006  00000E         4       0  CODE    
                intcodelo                      000018  000058  000070         C       0  CODE    
                bssBANK0                       000080  000066  0000E6        80       1  BANK0   
                bssBANK1                       000100  0000C8  0001C8       100       1  BANK1   
                bssBANK2                       000200  0000C8  0002C8       200       1  BANK2   
                smallconst                     000600  0000F4  0006F4       300       0  SMALLCON
                text0                          0006F4  00132A  001A1E       37A       0  CODE    


UNUSED ADDRESS RANGES

        Name                Unused          Largest block    Delta
        BANK0            0000E6-0000FF               1A
        BANK1            0001C8-0001FF               38
        BANK2            0002C8-0002FF               38
        BANK3            000300-0003FF              100
        BANK4            000400-0004FF              100
        BANK5            000500-0005FF              100
        BIGRAM           000049-00007F               37
                         0000E6-0000FF               1A
                         0001C8-0001FF               38
                         0002C8-0005FF              338
        BIGSFR           000F80-000FFF               80
        CODE             000004-000007                4
                         00000E-000017                A
                         000070-0005FF              590
                         001A1E-007FFF             65E2
        COMRAM           000049-00007F               37
        CONST            000004-000007                4
                         00000E-000017                A
                         000070-0005FF              590
                         001A1E-007FFF             65E2
        EEDATA           F00000-F000FF              100
        MEDIUMCONST      001A1E-007FFF             65E2
        RAM              0000E6-0000FF               1A
                         0001C8-0001FF               38
                         0002C8-0005FF              100
        SFR              000F80-000FFF               80
        SMALLCONST       001A1E-007FFF              100

                                  Symbol Table

?___awdiv                      cstackBANK0  0000B7
?___awmod                      cstackBANK0  0000B7
?_abs                          cstackBANK0  0000BD
?_sprintf                      cstackBANK0  0000D0
?_vfprintf                     cstackBANK0  0000CC
?i1___awmod                    cstackCOMRAM 000034
?i2___awdiv                    cstackCOMRAM 000001
?i2___awmod                    cstackCOMRAM 000001
?i2_abs                        cstackCOMRAM 000007
?i2_sprintf                    cstackCOMRAM 00001A
?i2_vfprintf                   cstackCOMRAM 000016
ClearBuffer@i                  cstackBANK0  0000B7
UART_Write@data                cstackBANK0  0000B7
UART_Write_Text@i              cstackBANK0  0000BA
UART_Write_Text@text           cstackBANK0  0000B8
_ADCON0bits                    (abs)        000FC2
_ADCON1                        (abs)        000FC1
_ADCON2bits                    (abs)        000FC0
_ADC_Initialize                text19       0019CC
_ADFM                          (abs)        007E07
_ADRESH                        (abs)        000FC4
_ADRESL                        (abs)        000FC3
_BAUDCONbits                   (abs)        000FB8
_CCP1CONbits                   (abs)        000FBD
_CCP1_Initialize               text18       00163C
_CCPR1L                        (abs)        000FBE
_CREN                          (abs)        007D5C
_ClearBuffer                   text13       001708
_Hi_ISR                        intcode      000008
_INTCONbits                    (abs)        000FF2
_INTERRUPT_Initialize          text17       001A0E
_IPR1bits                      (abs)        000F9F
_IRCF0                         (abs)        007E9C
_IRCF1                         (abs)        007E9D
_IRCF2                         (abs)        007E9E
_LATC                          (abs)        000F8B
_LATDbits                      (abs)        000F8C
_Lo_ISR                        intcodelo    000018
_MyusartRead                   text21       001568
_OSCILLATOR_Initialize         text16       00199E
_PIE1bits                      (abs)        000F9D
_PIR1bits                      (abs)        000F9E
_PORTAbits                     (abs)        000F80
_PR2                           (abs)        000FCB
_RCIF                          (abs)        007CF5
_RCONbits                      (abs)        000FD0
_RCREG                         (abs)        000FAE
_RCSTAbits                     (abs)        000FAB
_SPBRG                         (abs)        000FAF
_SYSTEM_Initialize             text14       0019B6
_T2CONbits                     (abs)        000FCA
_TRISA                         (abs)        000F92
_TRISBbits                     (abs)        000F93
_TRISC                         (abs)        000F94
_TRISCbits                     (abs)        000F94
_TRISD                         (abs)        000F95
_TXREG                         (abs)        000FAD
_TXSTAbits                     (abs)        000FAC
_UART_Initialize               text15       001964
_UART_Write                    text12       001986
_UART_Write_Text               text11       001682
__HRAM                         (abs)        000000
__H__absolute__                __absolute__ 000000
__Habs1                        abs1         000000
__Hbank0                       bank0        000000
__Hbank1                       bank1        000000
__Hbank2                       bank2        000000
__Hbank3                       bank3        000000
__Hbank4                       bank4        000000
__Hbank5                       bank5        000000
__Hbigbss                      bigbss       000000
__Hbigdata                     bigdata      000000
__Hbigram                      bigram       000000
__Hbigsfr                      bigsfr       000000
__Hbss                         bss          000000
__HbssBANK0                    bssBANK0     000000
__HbssBANK1                    bssBANK1     000000
__HbssBANK2                    bssBANK2     000000
__HbssCOMRAM                   bssCOMRAM    000000
__Hcinit                       cinit        000000
__Hclrtext                     clrtext      000000
__Hcomram                      comram       000000
__Hconfig                      config       30000E
__Hconst                       const        000000
__HcstackBANK0                 cstackBANK0  000000
__HcstackCOMRAM                cstackCOMRAM 000000
__Hdata                        data         000000
__HdataCOMRAM                  dataCOMRAM   000000
__Heeprom_data                 eeprom_data  000000
__Hfarbss                      farbss       000000
__Hfardata                     fardata      000000
__Hheap                        heap         000000
__Hibigdata                    ibigdata     000000
__Hidata                       idata        000000
__HidataCOMRAM                 idataCOMRAM  000000
__Hidloc                       idloc        200008
__Hifardata                    ifardata     000000
__Hinit                        init         000070
__Hintcode                     intcode      00000E
__Hintcode_body                intcode_body 000000
__Hintcodelo                   intcodelo    00006C
__Hintentry                    intentry     000000
__Hintret                      intret       000000
__Hintsave_regs                intsave_regs 000000
__Hirdata                      irdata       000000
__Hmediumconst                 mediumconst  000000
__HnvFARRAM                    nvFARRAM     000000
__Hnvbit                       nvbit        000000
__Hnvrram                      nvrram       000000
__Hparam                       rparam       000000
__Hpowerup                     powerup      00006C
__Hram                         ram          000000
__Hramtop                      ramtop       000600
__Hrbit                        rbit         000000
__Hrbss                        rbss         000000
__Hrdata                       rdata        000000
__Hreset_vec                   reset_vec    000004
__Hrparam                      rparam       000000
__Hsfr                         sfr          000000
__Hsmallconst                  smallconst   0006F4
__Hspace_0                     (abs)        001A1E
__Hspace_1                     (abs)        0002C8
__Hspace_2                     (abs)        000000
__Hspace_4                     (abs)        60000E
__Hstack                       stack        000000
__Hstruct                      struct       000000
__Htemp                        temp         000049
__Htext                        text         000000
__Htext0                       text0        000000
__Htext1                       text1        000000
__Htext10                      text10       000000
__Htext11                      text11       000000
__Htext12                      text12       000000
__Htext13                      text13       000000
__Htext14                      text14       000000
__Htext15                      text15       000000
__Htext16                      text16       000000
__Htext17                      text17       000000
__Htext18                      text18       000000
__Htext19                      text19       000000
__Htext2                       text2        000000
__Htext21                      text21       000000
__Htext22                      text22       000000
__Htext23                      text23       000000
__Htext25                      text25       000000
__Htext26                      text26       000000
__Htext27                      text27       000000
__Htext28                      text28       000000
__Htext29                      text29       000000
__Htext3                       text3        000000
__Htext30                      text30       000000
__Htext31                      text31       000000
__Htext32                      text32       000000
__Htext33                      text33       000000
__Htext34                      text34       000000
__Htext35                      text35       000000
__Htext36                      text36       000000
__Htext4                       text4        000000
__Htext5                       text5        000000
__Htext6                       text6        000000
__Htext7                       text7        000000
__Htext8                       text8        000000
__Htext9                       text9        000000
__LRAM                         (abs)        000001
__L__absolute__                __absolute__ 000000
__Labs1                        abs1         000000
__Lbank0                       bank0        000000
__Lbank1                       bank1        000000
__Lbank2                       bank2        000000
__Lbank3                       bank3        000000
__Lbank4                       bank4        000000
__Lbank5                       bank5        000000
__Lbigbss                      bigbss       000000
__Lbigdata                     bigdata      000000
__Lbigram                      bigram       000000
__Lbigsfr                      bigsfr       000000
__Lbss                         bss          000000
__LbssBANK0                    bssBANK0     000000
__LbssBANK1                    bssBANK1     000000
__LbssBANK2                    bssBANK2     000000
__LbssCOMRAM                   bssCOMRAM    000000
__Lcinit                       cinit        000000
__Lclrtext                     clrtext      000000
__Lcomram                      comram       000000
__Lconfig                      config       000000
__Lconst                       const        000000
__LcstackBANK0                 cstackBANK0  000000
__LcstackCOMRAM                cstackCOMRAM 000000
__Ldata                        data         000000
__LdataCOMRAM                  dataCOMRAM   000000
__Leeprom_data                 eeprom_data  000000
__Lfarbss                      farbss       000000
__Lfardata                     fardata      000000
__Lheap                        heap         000000
__Libigdata                    ibigdata     000000
__Lidata                       idata        000000
__LidataCOMRAM                 idataCOMRAM  000000
__Lidloc                       idloc        000000
__Lifardata                    ifardata     000000
__Linit                        init         00006C
__Lintcode                     intcode      000008
__Lintcode_body                intcode_body 000000
__Lintcodelo                   intcodelo    000018
__Lintentry                    intentry     000000
__Lintret                      intret       000000
__Lintsave_regs                intsave_regs 000000
__Lirdata                      irdata       000000
__Lmediumconst                 mediumconst  000000
__LnvFARRAM                    nvFARRAM     000000
__Lnvbit                       nvbit        000000
__Lnvrram                      nvrram       000000
__Lparam                       rparam       000000
__Lpowerup                     powerup      00006C
__Lram                         ram          000000
__Lramtop                      ramtop       000600
__Lrbit                        rbit         000000
__Lrbss                        rbss         000000
__Lrdata                       rdata        000000
__Lreset_vec                   reset_vec    000000
__Lrparam                      rparam       000000
__Lsfr                         sfr          000000
__Lsmallconst                  smallconst   000600
__Lspace_0                     (abs)        000000
__Lspace_1                     (abs)        000000
__Lspace_2                     (abs)        000000
__Lspace_4                     (abs)        000000
__Lstack                       stack        000000
__Lstruct                      struct       000000
__Ltemp                        temp         000048
__Ltext                        text         000000
__Ltext0                       text0        000000
__Ltext1                       text1        000000
__Ltext10                      text10       000000
__Ltext11                      text11       000000
__Ltext12                      text12       000000
__Ltext13                      text13       000000
__Ltext14                      text14       000000
__Ltext15                      text15       000000
__Ltext16                      text16       000000
__Ltext17                      text17       000000
__Ltext18                      text18       000000
__Ltext19                      text19       000000
__Ltext2                       text2        000000
__Ltext21                      text21       000000
__Ltext22                      text22       000000
__Ltext23                      text23       000000
__Ltext25                      text25       000000
__Ltext26                      text26       000000
__Ltext27                      text27       000000
__Ltext28                      text28       000000
__Ltext29                      text29       000000
__Ltext3                       text3        000000
__Ltext30                      text30       000000
__Ltext31                      text31       000000
__Ltext32                      text32       000000
__Ltext33                      text33       000000
__Ltext34                      text34       000000
__Ltext35                      text35       000000
__Ltext36                      text36       000000
__Ltext4                       text4        000000
__Ltext5                       text5        000000
__Ltext6                       text6        000000
__Ltext7                       text7        000000
__Ltext8                       text8        000000
__Ltext9                       text9        000000
__S0                           (abs)        001A1E
__S1                           (abs)        0002C8
__S4                           (abs)        000000
__S5                           (abs)        000000
___awdiv                       text10       001056
___awdiv@counter               cstackBANK0  0000BB
___awdiv@dividend              cstackBANK0  0000B7
___awdiv@divisor               cstackBANK0  0000B9
___awdiv@quotient              cstackBANK0  0000BD
___awdiv@sign                  cstackBANK0  0000BC
___awmod                       text9        001356
___awmod@counter               cstackBANK0  0000BB
___awmod@dividend              cstackBANK0  0000B7
___awmod@divisor               cstackBANK0  0000B9
___awmod@sign                  cstackBANK0  0000BC
___heap_hi                     (abs)        000000
___heap_lo                     (abs)        000000
___inthi_sp                    stack        000000
___inthi_stack_hi              stack        000000
___inthi_stack_lo              stack        000000
___intlo_sp                    stack        000000
___intlo_stack_hi              stack        000000
___intlo_stack_lo              stack        000000
___param_bank                  (abs)        000000
___rparam_used                 (abs)        000001
___sp                          stack        000000
___stack_hi                    stack        000000
___stack_lo                    stack        000000
__accesstop                    (abs)        000080
__activetblptr                 (abs)        000002
__end_of_ADC_Initialize        text19       0019E2
__end_of_CCP1_Initialize       text18       001682
__end_of_ClearBuffer           text13       00174A
__end_of_Hi_ISR                intcode_body 000F84
__end_of_INTERRUPT_Initialize  text17       001A18
__end_of_Lo_ISR                intcodelo    00006C
__end_of_MyusartRead           text21       0015E6
__end_of_OSCILLATOR_Initialize text16       0019B6
__end_of_SYSTEM_Initialize     text14       0019CC
__end_of_UART_Initialize       text15       001986
__end_of_UART_Write            text12       00199E
__end_of_UART_Write_Text       text11       0016C6
__end_of___awdiv               text10       00111C
__end_of___awmod               text9        001408
__end_of__initialization       cinit        00162E
__end_of_abs                   text8        001930
__end_of_add_score             text1        001056
__end_of_fputc                 text6        00129C
__end_of_main                  text0        000A98
__end_of_putch                 text7        001A1C
__end_of_sprintf               text3        00178A
__end_of_strcpy                text2        001884
__end_of_vfpfcnvrt             text5        000C5A
__end_of_vfprintf              text4        001708
__end_ofi1_UART_Write          text23       0019F8
__end_ofi1___awmod             text22       0014B8
__end_ofi2_ClearBuffer         text36       00180A
__end_ofi2_UART_Write          text35       001A0E
__end_ofi2_UART_Write_Text     text34       0017CA
__end_ofi2___awdiv             text33       0011E0
__end_ofi2___awmod             text32       001568
__end_ofi2_abs                 text31       001964
__end_ofi2_fputc               text29       001356
__end_ofi2_putch               text30       001A1E
__end_ofi2_sprintf             text26       0018C0
__end_ofi2_strcpy              text25       0018FA
__end_ofi2_vfpfcnvrt           text28       000E14
__end_ofi2_vfprintf            text27       001848
__initialization               cinit        0015E6
__mediumconst                  mediumconst  000000
__pbssBANK0                    bssBANK0     000080
__pbssBANK1                    bssBANK1     000100
__pbssBANK2                    bssBANK2     000200
__pbssCOMRAM                   bssCOMRAM    000040
__pcinit                       cinit        0015E6
__pcstackBANK0                 cstackBANK0  0000B7
__pcstackCOMRAM                cstackCOMRAM 000001
__pdataCOMRAM                  dataCOMRAM   000046
__pidataCOMRAM                 idataCOMRAM  001A18
__pintcode                     intcode      000008
__pintcode_body                intcode_body 000E14
__pintcodelo                   intcodelo    000018
__psmallconst                  smallconst   000600
__ptext0                       text0        0006F4
__ptext1                       text1        000F84
__ptext10                      text10       001056
__ptext11                      text11       001682
__ptext12                      text12       001986
__ptext13                      text13       001708
__ptext14                      text14       0019B6
__ptext15                      text15       001964
__ptext16                      text16       00199E
__ptext17                      text17       001A0E
__ptext18                      text18       00163C
__ptext19                      text19       0019CC
__ptext2                       text2        001848
__ptext21                      text21       001568
__ptext22                      text22       001408
__ptext23                      text23       0019E2
__ptext25                      text25       0018C0
__ptext26                      text26       001884
__ptext27                      text27       00180A
__ptext28                      text28       000C5A
__ptext29                      text29       00129C
__ptext3                       text3        00174A
__ptext30                      text30       001A1C
__ptext31                      text31       001930
__ptext32                      text32       0014B8
__ptext33                      text33       00111C
__ptext34                      text34       00178A
__ptext35                      text35       0019F8
__ptext36                      text36       0017CA
__ptext4                       text4        0016C6
__ptext5                       text5        000A98
__ptext6                       text6        0011E0
__ptext7                       text7        001A1A
__ptext8                       text8        0018FA
__ptext9                       text9        001356
__ramtop                       ramtop       000600
__smallconst                   smallconst   000600
_abs                           text8        0018FA
_add_score                     text1        000F84
_button                        dataCOMRAM   000046
_d1                            bssBANK0     0000AC
_d2                            bssBANK0     0000AA
_d3                            bssBANK0     0000A8
_d4                            bssBANK0     0000A6
_d5                            bssCOMRAM    000044
_d6                            bssCOMRAM    000042
_dbuf                          bssBANK0     000080
_down                          bssBANK0     0000AE
_flags                         bssBANK0     0000B6
_fputc                         text6        0011E0
_lenStr                        bssCOMRAM    000040
_main                          text0        0006F4
_mystring                      bssBANK2     000200
_prec                          bssBANK0     0000A2
_putch                         text7        001A1A
_ready                         bssBANK0     0000A4
_score                         bssBANK0     0000B4
_sprintf                       text3        00174A
_state                         bssBANK0     0000B2
_stop                          bssBANK0     0000B0
_str                           bssBANK1     000100
_strcpy                        text2        001848
_vfpfcnvrt                     text5        000A98
_vfprintf                      text4        0016C6
_width                         bssBANK0     0000A0
abs@a                          cstackBANK0  0000BD
btemp                          temp         000048
end_of_initialization          cinit        00162E
fputc@c                        cstackBANK0  0000B7
fputc@fp                       cstackBANK0  0000B9
i1UART_Write@data              cstackCOMRAM 000034
i1_UART_Write                  text23       0019E2
i1___awmod                     text22       001408
i1___awmod@counter             cstackCOMRAM 000038
i1___awmod@dividend            cstackCOMRAM 000034
i1___awmod@divisor             cstackCOMRAM 000036
i1___awmod@sign                cstackCOMRAM 000039
i2ClearBuffer@i                cstackCOMRAM 000001
i2UART_Write@data              cstackCOMRAM 000001
i2UART_Write_Text@i            cstackCOMRAM 000004
i2UART_Write_Text@text         cstackCOMRAM 000002
i2_ClearBuffer                 text36       0017CA
i2_UART_Write                  text35       0019F8
i2_UART_Write_Text             text34       00178A
i2___awdiv                     text33       00111C
i2___awdiv@counter             cstackCOMRAM 000005
i2___awdiv@dividend            cstackCOMRAM 000001
i2___awdiv@divisor             cstackCOMRAM 000003
i2___awdiv@quotient            cstackCOMRAM 000007
i2___awdiv@sign                cstackCOMRAM 000006
i2___awmod                     text32       0014B8
i2___awmod@counter             cstackCOMRAM 000005
i2___awmod@dividend            cstackCOMRAM 000001
i2___awmod@divisor             cstackCOMRAM 000003
i2___awmod@sign                cstackCOMRAM 000006
i2_abs                         text31       001930
i2_fputc                       text29       00129C
i2_putch                       text30       001A1C
i2_sprintf                     text26       001884
i2_strcpy                      text25       0018C0
i2_vfpfcnvrt                   text28       000C5A
i2_vfprintf                    text27       00180A
i2abs@a                        cstackCOMRAM 000007
i2fputc@c                      cstackCOMRAM 000001
i2fputc@fp                     cstackCOMRAM 000003
i2sprintf@ap                   cstackCOMRAM 00001F
i2sprintf@f                    cstackCOMRAM 000020
i2sprintf@fmt                  cstackCOMRAM 00001C
i2sprintf@s                    cstackCOMRAM 00001A
i2strcpy@d                     cstackCOMRAM 000005
i2strcpy@dest                  cstackCOMRAM 000001
i2strcpy@src                   cstackCOMRAM 000003
i2vfpfcnvrt@ap                 cstackCOMRAM 00000D
i2vfpfcnvrt@c                  cstackCOMRAM 000015
i2vfpfcnvrt@convarg            cstackCOMRAM 000011
i2vfpfcnvrt@cp                 cstackCOMRAM 000010
i2vfpfcnvrt@done               cstackCOMRAM 00000F
i2vfpfcnvrt@fmt                cstackCOMRAM 00000C
i2vfpfcnvrt@fp                 cstackCOMRAM 00000B
i2vfprintf@ap                  cstackCOMRAM 000018
i2vfprintf@cfmt                cstackCOMRAM 000019
i2vfprintf@fmt                 cstackCOMRAM 000017
i2vfprintf@fp                  cstackCOMRAM 000016
int$flags                      temp         000048
int_func                       intcode_body 000E14
intlevel0                      text         000000
intlevel1                      text         000000
intlevel2                      text         000000
intlevel3                      text         000000
isa$std                        (abs)        000001
isa$xinst                      (abs)        000000
sprintf@ap                     cstackBANK0  0000D5
sprintf@f                      cstackBANK0  0000D6
sprintf@fmt                    cstackBANK0  0000D2
sprintf@s                      cstackBANK0  0000D0
stackhi                        (abs)        000000
stacklo                        (abs)        000000
start                          init         00006C
start_initialization           cinit        0015E6
strcpy@d                       cstackBANK0  0000BB
strcpy@dest                    cstackBANK0  0000B7
strcpy@src                     cstackBANK0  0000B9
ttemp5                         temp         000049
ttemp6                         temp         00004C
ttemp7                         temp         000050
vfpfcnvrt@ap                   cstackBANK0  0000C3
vfpfcnvrt@c                    cstackBANK0  0000CB
vfpfcnvrt@convarg              cstackBANK0  0000C7
vfpfcnvrt@cp                   cstackBANK0  0000C6
vfpfcnvrt@done                 cstackBANK0  0000C5
vfpfcnvrt@fmt                  cstackBANK0  0000C2
vfpfcnvrt@fp                   cstackBANK0  0000C1
vfprintf@ap                    cstackBANK0  0000CE
vfprintf@cfmt                  cstackBANK0  0000CF
vfprintf@fmt                   cstackBANK0  0000CD
vfprintf@fp                    cstackBANK0  0000CC
wtemp8                         temp         000049


MODULE INFORMATION

Module		Function		Class		Link	Load	Size
setting_hardaware/interrupt_manager.c
		_INTERRUPT_Initialize		CODE           	1A0E	0000	10

setting_hardaware/interrupt_manager.c estimated size: 10

setting_hardaware/uart.c
		_Lo_ISR        		CODE           	0018	0000	84
		_MyusartRead   		CODE           	1568	0000	126
		_UART_Write_Text		CODE           	1682	0000	68
		_ClearBuffer   		CODE           	1708	0000	66
		_UART_Initialize		CODE           	1964	0000	34
		_UART_Write    		CODE           	1986	0000	24

setting_hardaware/uart.c estimated size: 402

setting_hardaware/ccp1.c
		_CCP1_Initialize		CODE           	163C	0000	70

setting_hardaware/ccp1.c estimated size: 70

setting_hardaware/adc.c
		_ADC_Initialize		CODE           	19CC	0000	22

setting_hardaware/adc.c estimated size: 22

C:\Program Files\Microchip\xc8\v2.45\pic\sources\c99\common\nf_sprintf.c
		_sprintf       		CODE           	174A	0000	64

C:\Program Files\Microchip\xc8\v2.45\pic\sources\c99\common\nf_sprintf.c estimated size: 64

C:\Program Files\Microchip\xc8\v2.45\pic\sources\c99\common\awmod.c
		___awmod       		CODE           	1356	0000	178

C:\Program Files\Microchip\xc8\v2.45\pic\sources\c99\common\awmod.c estimated size: 178

C:\Program Files\Microchip\xc8\v2.45\pic\sources\c99\common\putch.c
		_putch         		CODE           	1A1A	0000	2

C:\Program Files\Microchip\xc8\v2.45\pic\sources\c99\common\putch.c estimated size: 2

shared
		i2_vfpfcnvrt   		CODE           	0C5A	0000	442
		i2_abs         		CODE           	1930	0000	52
		i2_putch       		CODE           	1A1C	0000	2
		i2_ClearBuffer 		CODE           	17CA	0000	64
		i2_vfprintf    		CODE           	180A	0000	62
		i2_strcpy      		CODE           	18C0	0000	58
		i1_UART_Write  		CODE           	19E2	0000	22
		i2_UART_Write  		CODE           	19F8	0000	22
		i2___awdiv     		CODE           	111C	0000	196
		__initialization		CODE           	15E6	0000	72
		i1___awmod     		CODE           	1408	0000	176
		i2___awmod     		CODE           	14B8	0000	176
		i2_sprintf     		CODE           	1884	0000	60
		i2_UART_Write_Text		CODE           	178A	0000	64
		i2_fputc       		CODE           	129C	0000	186

shared estimated size: 1654

C:\Program Files\Microchip\xc8\v2.45\pic\sources\c99\common\abs.c
		_abs           		CODE           	18FA	0000	54

C:\Program Files\Microchip\xc8\v2.45\pic\sources\c99\common\abs.c estimated size: 54

setting_hardaware/setting.c
		_OSCILLATOR_Initialize		CODE           	199E	0000	24
		_SYSTEM_Initialize		CODE           	19B6	0000	22

setting_hardaware/setting.c estimated size: 46

C:\Program Files\Microchip\xc8\v2.45\pic\sources\c99\common\strcpy.c
		_strcpy        		CODE           	1848	0000	60

C:\Program Files\Microchip\xc8\v2.45\pic\sources\c99\common\strcpy.c estimated size: 60

main.c
		_main          		CODE           	06F4	0000	932
		_add_score     		CODE           	0F84	0000	210
		_Hi_ISR        		CODE           	0008	0000	374

main.c estimated size: 1516

C:\Program Files\Microchip\xc8\v2.45\pic\sources\c99\common\nf_fputc.c
		_fputc         		CODE           	11E0	0000	188

C:\Program Files\Microchip\xc8\v2.45\pic\sources\c99\common\nf_fputc.c estimated size: 188

C:\Program Files\Microchip\xc8\v2.45\pic\sources\c99\common\doprnt.c
		_vfpfcnvrt     		CODE           	0A98	0000	450
		_vfprintf      		CODE           	16C6	0000	66

C:\Program Files\Microchip\xc8\v2.45\pic\sources\c99\common\doprnt.c estimated size: 516

C:\Program Files\Microchip\xc8\v2.45\pic\sources\c99\common\awdiv.c
		___awdiv       		CODE           	1056	0000	198

C:\Program Files\Microchip\xc8\v2.45\pic\sources\c99\common\awdiv.c estimated size: 198

