Microchip MPLAB XC8 Compiler V2.45

Linker command line:

-W-3 \
  --edf=C:\Program Files\Microchip\xc8\v2.45\pic\dat\20230818022343_en.msgs \
  -cn -h+dist/default/debug\shooting.X.debug.sym \
  --cmf=dist/default/debug\shooting.X.debug.cmf -z -Q18F4520 \
  -oC:\Users\KEVINC~1\AppData\Local\Temp\xcAsfoo.\driver_tmp_3.o \
  --defsym=__MPLAB_BUILD=1 --fixupoverflow=error \
  -Mdist/default/debug/shooting.X.debug.map \
  --md=C:\Users\KEVINC~1\AppData\Local\Temp\xcAsfoo.\driver_tmp_0.dat -E1 \
  -ver=XC8 Compiler --acfsm=1493 -ACODE=00h-07DBFh -ACONST=00h-07DBFh \
  -ASMALLCONST=0600h-06FFhx119,07D00h-07DBFh -AMEDIUMCONST=0600h-07DBFh \
  -ACOMRAM=01h-07Fh -AABS1=00h-05F3h -ABIGRAM=01h-05F3h \
  -ARAM=080h-0FFh,0100h-01FFhx4,0500h-05F3h -ABANK0=080h-0FFh \
  -ABANK1=0100h-01FFh -ABANK2=0200h-02FFh -ABANK3=0300h-03FFh \
  -ABANK4=0400h-04FFh -ABANK5=0500h-05F3h \
  -ASFR=0F80h-0F9Bh,0F9Dh-0FD3h,0FD5h-0FDAh,0FE0h-0FE2h,0FE8h-0FEAh,0FF0h-0FFCh \
  -ABIGSFR=0F80h-0F9Bh,0F9Dh-0FD3h,0FD5h-0FDAh,0FE0h-0FE2h,0FE8h-0FEAh,0FF0h-0FFCh \
  -ACONFIG=0300000h-030000Dh -AIDLOC=0200000h-0200007h \
  -AEEDATA=0F00000h-0F000FFh -peeprom_data=EEDATA \
  -preset_vec=00h,intcode=08h,intcodelo=018h,powerup,init -pramtop=0600h \
  -psmallconst=SMALLCONST -pmediumconst=MEDIUMCONST -pconst=CONST \
  -AFARRAM=00h-00h \
  -prdata=COMRAM,nvrram=COMRAM,nvbit=COMRAM,rbss=COMRAM,rbit=COMRAM \
  -pfarbss=FARRAM,fardata=FARRAM,nvFARRAM=FARRAM \
  -pintsave_regs=BIGRAM,bigbss=BIGRAM,bigdata=BIGRAM -pbss=RAM \
  -pidata=CODE,irdata=CODE,ibigdata=CODE,ifardata=CODE -prparam=COMRAM \
  C:\Users\KEVINC~1\AppData\Local\Temp\xcAsfoo.\driver_tmp_14.o \
  dist/default/debug\shooting.X.debug.o 

Object code version is 3.11

Machine type is 18F4520



                Name                               Link     Load   Length Selector   Space Scale
C:\Users\KEVINC~1\AppData\Local\Temp\xcAsfoo.\driver_tmp_14.o
                idloc                            200000   200000        8        0       5
                config                           300000   300000        E        0       4
                init                                 6C       6C        4        C       0
                reset_vec                             0        0        4        0       0
dist/default/debug\shooting.X.debug.o
                intcodelo                            18       18       54        C       0
                intcode                               8        8        6        4       0
                idloc                            200000   200000        8        0       5
                config                           300000   300000        E        0       4
                temp                                 44       44        1        1       1
                mediumconst                        7CCC     7CCC       F4     3E66       0
                text36                             12FE     12FE       40        C       0
                text35                             14E8     14E8       16        C       0
                text34                             12BE     12BE       40        C       0
                text33                              C1C      C1C       C4        C       0
                text32                              FB8      FB8       B0        C       0
                text31                             1420     1420       34        C       0
                text30                             150A     150A        2        C       0
                text29                              D9C      D9C       BA        C       0
                text28                              724      724      1D6        C       0
                text27                             123C     123C       42        C       0
                text26                             127E     127E       40        C       0
                text25                             13B2     13B2       38        C       0
                intcode_body                        8FA      8FA      182        C       0
                text23                             14D2     14D2       16        C       0
                text22                              F08      F08       B0        C       0
                text21                             1068     1068       7E        C       0
                text19                             14BC     14BC       16        C       0
                text18                             112C     112C       46        C       0
                text17                             14FE     14FE        A        C       0
                text16                             148E     148E       18        C       0
                text15                             1454     1454       22        C       0
                text14                             14A6     14A6       16        C       0
                text13                             11FA     11FA       42        C       0
                text12                             1476     1476       18        C       0
                text11                             11B6     11B6       44        C       0
                text10                              B56      B56       C6        C       0
                text9                               E56      E56       B2        C       0
                text8                              13EA     13EA       36        C       0
                text7                              1508     1508        2        C       0
                text6                               CE0      CE0       BC        C       0
                text5                               546      546      1DE        C       0
                text4                              10E6     10E6       46        C       0
                text3                              1172     1172       44        C       0
                text2                              1378     1378       3A        C       0
                text1                               A7C      A7C       DA        C       0
                text0                                70       70      4D6        C       0
                cstackCOMRAM                          1        1       3F        1       1
                cstackBANK0                          BB       BB       39       80       1
                bssBANK2                            200      200       C8      200       1
                bssBANK1                            100      100       C8      100       1
                bssBANK0                             80       80       3B       80       1
                bssCOMRAM                            40       40        4        1       1
                cinit                              133E     133E       3A        C       0

TOTAL           Name                               Link     Load   Length     Space
        CLASS   CODE           
                intcodelo                            18       18       54         0
                intcode                               8        8        6         0
                init                                 6C       6C        4         0
                reset_vec                             0        0        4         0
                text36                             12FE     12FE       40         0
                text35                             14E8     14E8       16         0
                text34                             12BE     12BE       40         0
                text33                              C1C      C1C       C4         0
                text32                              FB8      FB8       B0         0
                text31                             1420     1420       34         0
                text30                             150A     150A        2         0
                text29                              D9C      D9C       BA         0
                text28                              724      724      1D6         0
                text27                             123C     123C       42         0
                text26                             127E     127E       40         0
                text25                             13B2     13B2       38         0
                intcode_body                        8FA      8FA      182         0
                text23                             14D2     14D2       16         0
                text22                              F08      F08       B0         0
                text21                             1068     1068       7E         0
                text19                             14BC     14BC       16         0
                text18                             112C     112C       46         0
                text17                             14FE     14FE        A         0
                text16                             148E     148E       18         0
                text15                             1454     1454       22         0
                text14                             14A6     14A6       16         0
                text13                             11FA     11FA       42         0
                text12                             1476     1476       18         0
                text11                             11B6     11B6       44         0
                text10                              B56      B56       C6         0
                text9                               E56      E56       B2         0
                text8                              13EA     13EA       36         0
                text7                              1508     1508        2         0
                text6                               CE0      CE0       BC         0
                text5                               546      546      1DE         0
                text4                              10E6     10E6       46         0
                text3                              1172     1172       44         0
                text2                              1378     1378       3A         0
                text1                               A7C      A7C       DA         0
                text0                                70       70      4D6         0
                cinit                              133E     133E       3A         0

        CLASS   CONST          

        CLASS   SMALLCONST     

        CLASS   MEDIUMCONST    
                mediumconst                        7CCC     7CCC       F4         0

        CLASS   COMRAM         
                temp                                 44       44        1         1
                cstackCOMRAM                          1        1       3F         1
                bssCOMRAM                            40       40        4         1

        CLASS   ABS1           

        CLASS   BIGRAM         

        CLASS   RAM            

        CLASS   BANK0          
                cstackBANK0                          BB       BB       39         1
                bssBANK0                             80       80       3B         1

        CLASS   BANK1          
                bssBANK1                            100      100       C8         1

        CLASS   BANK2          
                bssBANK2                            200      200       C8         1

        CLASS   BANK3          

        CLASS   BANK4          

        CLASS   BANK5          

        CLASS   SFR            

        CLASS   BIGSFR         

        CLASS   CONFIG         
                config                           300000   300000        E         4

        CLASS   IDLOC          
                idloc                            200000   200000        8         5

        CLASS   EEDATA         

        CLASS   FARRAM         

        CLASS   HEAP           

        CLASS   STACK          



SEGMENTS        Name                           Load    Length   Top    Selector   Space  Class

                reset_vec                      000000  000004  000004         0       0  CODE    
                cstackCOMRAM                   000001  000044  000045         1       1  COMRAM  
                intcode                        000008  000006  00000E         4       0  CODE    
                intcodelo                      000018  0014F4  00150C         C       0  CODE    
                bssBANK0                       000080  000074  0000F4        80       1  BANK0   
                bssBANK1                       000100  0000C8  0001C8       100       1  BANK1   
                bssBANK2                       000200  0000C8  0002C8       200       1  BANK2   
                mediumconst                    007CCC  0000F4  007DC0      3E66       0  MEDIUMCO


UNUSED ADDRESS RANGES

        Name                Unused          Largest block    Delta
        BANK0            0000F4-0000FF                C
        BANK1            0001C8-0001FF               38
        BANK2            0002C8-0002FF               38
        BANK3            000300-0003FF              100
        BANK4            000400-0004FF              100
        BANK5            000500-0005F3               F4
        BIGRAM           000045-00007F               3B
                         0000F4-0000FF                C
                         0001C8-0001FF               38
                         0002C8-0005F3              32C
        BIGSFR           000F80-000F9B               1C
                         000F9D-000FD3               37
                         000FD5-000FDA                6
                         000FE0-000FE2                3
                         000FE8-000FEA                3
                         000FF0-000FFC                D
        CODE             000004-000007                4
                         00000E-000017                A
                         00150C-007CCB             67C0
        COMRAM           000045-00007F               3B
        CONST            000004-000007                4
                         00000E-000017                A
                         00150C-007CCB             67C0
        EEDATA           F00000-F000FF              100
        MEDIUMCONST      00150C-007CCB             67C0
        RAM              0000F4-0000FF                C
                         0001C8-0001FF               38
                         0002C8-0005F3              100
        SFR              000F80-000F9B               1C
                         000F9D-000FD3               37
                         000FD5-000FDA                6
                         000FE0-000FE2                3
                         000FE8-000FEA                3
                         000FF0-000FFC                D
        SMALLCONST       00150C-007CCB              100

                                  Symbol Table

?___awdiv                      cstackBANK0  0000C0
?___awmod                      cstackBANK0  0000C0
?_abs                          cstackBANK0  0000C6
?_sprintf                      cstackBANK0  0000DD
?_vfprintf                     cstackBANK0  0000D7
?i1___awmod                    cstackCOMRAM 000039
?i2___awdiv                    cstackCOMRAM 000001
?i2___awmod                    cstackCOMRAM 000001
?i2_abs                        cstackCOMRAM 000007
?i2_sprintf                    cstackCOMRAM 00001E
?i2_vfprintf                   cstackCOMRAM 000018
ClearBuffer@i                  cstackBANK0  0000C0
UART_Write@data                cstackBANK0  0000C0
UART_Write_Text@i              cstackBANK0  0000C3
UART_Write_Text@text           cstackBANK0  0000C1
_ADCON0bits                    (abs)        000FC2
_ADCON1                        (abs)        000FC1
_ADCON2bits                    (abs)        000FC0
_ADC_Initialize                text19       0014BC
_ADFM                          (abs)        007E07
_ADRESH                        (abs)        000FC4
_ADRESL                        (abs)        000FC3
_BAUDCONbits                   (abs)        000FB8
_CCP1CONbits                   (abs)        000FBD
_CCP1_Initialize               text18       00112C
_CCPR1L                        (abs)        000FBE
_CREN                          (abs)        007D5C
_ClearBuffer                   text13       0011FA
_Hi_ISR                        intcode      000008
_INTCONbits                    (abs)        000FF2
_INTERRUPT_Initialize          text17       0014FE
_IPR1bits                      (abs)        000F9F
_IRCF0                         (abs)        007E9C
_IRCF1                         (abs)        007E9D
_IRCF2                         (abs)        007E9E
_LATC                          (abs)        000F8B
_LATDbits                      (abs)        000F8C
_Lo_ISR                        intcodelo    000018
_MyusartRead                   text21       001068
_OSCILLATOR_Initialize         text16       00148E
_PIE1bits                      (abs)        000F9D
_PIR1bits                      (abs)        000F9E
_PORTAbits                     (abs)        000F80
_PORTBbits                     (abs)        000F81
_PR2                           (abs)        000FCB
_RCIF                          (abs)        007CF5
_RCONbits                      (abs)        000FD0
_RCREG                         (abs)        000FAE
_RCSTAbits                     (abs)        000FAB
_SPBRG                         (abs)        000FAF
_SYSTEM_Initialize             text14       0014A6
_T2CONbits                     (abs)        000FCA
_TRISA                         (abs)        000F92
_TRISBbits                     (abs)        000F93
_TRISC                         (abs)        000F94
_TRISCbits                     (abs)        000F94
_TRISD                         (abs)        000F95
_TXREG                         (abs)        000FAD
_TXSTAbits                     (abs)        000FAC
_UART_Initialize               text15       001454
_UART_Write                    text12       001476
_UART_Write_Text               text11       0011B6
__HRAM                         (abs)        000000
__H__absolute__                __absolute__ 000000
__Habs1                        abs1         000000
__Hbank0                       bank0        000000
__Hbank1                       bank1        000000
__Hbank2                       bank2        000000
__Hbank3                       bank3        000000
__Hbank4                       bank4        000000
__Hbank5                       bank5        000000
__Hbigbss                      bigbss       000000
__Hbigdata                     bigdata      000000
__Hbigram                      bigram       000000
__Hbigsfr                      bigsfr       000000
__Hbss                         bss          000000
__HbssBANK0                    bssBANK0     000000
__HbssBANK1                    bssBANK1     000000
__HbssBANK2                    bssBANK2     000000
__HbssCOMRAM                   bssCOMRAM    000000
__Hcinit                       cinit        000000
__Hclrtext                     clrtext      000000
__Hcomram                      comram       000000
__Hconfig                      config       30000E
__Hconst                       const        000000
__HcstackBANK0                 cstackBANK0  000000
__HcstackCOMRAM                cstackCOMRAM 000000
__Hdata                        data         000000
__Heeprom_data                 eeprom_data  000000
__Hfarbss                      farbss       000000
__Hfardata                     fardata      000000
__Hheap                        heap         000000
__Hibigdata                    ibigdata     000000
__Hidata                       idata        000000
__Hidloc                       idloc        200008
__Hifardata                    ifardata     000000
__Hinit                        init         000070
__Hintcode                     intcode      00000E
__Hintcode_body                intcode_body 000000
__Hintcodelo                   intcodelo    00006C
__Hintentry                    intentry     000000
__Hintret                      intret       000000
__Hintsave_regs                intsave_regs 000000
__Hirdata                      irdata       000000
__Hmediumconst                 mediumconst  007DC0
__HnvFARRAM                    nvFARRAM     000000
__Hnvbit                       nvbit        000000
__Hnvrram                      nvrram       000000
__Hparam                       rparam       000000
__Hpowerup                     powerup      00006C
__Hram                         ram          000000
__Hramtop                      ramtop       000600
__Hrbit                        rbit         000000
__Hrbss                        rbss         000000
__Hrdata                       rdata        000000
__Hreset_vec                   reset_vec    000004
__Hrparam                      rparam       000000
__Hsfr                         sfr          000000
__Hsmallconst                  smallconst   000000
__Hspace_0                     (abs)        007DC0
__Hspace_1                     (abs)        0002C8
__Hspace_2                     (abs)        000000
__Hspace_4                     (abs)        60000E
__Hstack                       stack        000000
__Hstruct                      struct       000000
__Htemp                        temp         000045
__Htext                        text         000000
__Htext0                       text0        000000
__Htext1                       text1        000000
__Htext10                      text10       000000
__Htext11                      text11       000000
__Htext12                      text12       000000
__Htext13                      text13       000000
__Htext14                      text14       000000
__Htext15                      text15       000000
__Htext16                      text16       000000
__Htext17                      text17       000000
__Htext18                      text18       000000
__Htext19                      text19       000000
__Htext2                       text2        000000
__Htext21                      text21       000000
__Htext22                      text22       000000
__Htext23                      text23       000000
__Htext25                      text25       000000
__Htext26                      text26       000000
__Htext27                      text27       000000
__Htext28                      text28       000000
__Htext29                      text29       000000
__Htext3                       text3        000000
__Htext30                      text30       000000
__Htext31                      text31       000000
__Htext32                      text32       000000
__Htext33                      text33       000000
__Htext34                      text34       000000
__Htext35                      text35       000000
__Htext36                      text36       000000
__Htext4                       text4        000000
__Htext5                       text5        000000
__Htext6                       text6        000000
__Htext7                       text7        000000
__Htext8                       text8        000000
__Htext9                       text9        000000
__LRAM                         (abs)        000001
__L__absolute__                __absolute__ 000000
__Labs1                        abs1         000000
__Lbank0                       bank0        000000
__Lbank1                       bank1        000000
__Lbank2                       bank2        000000
__Lbank3                       bank3        000000
__Lbank4                       bank4        000000
__Lbank5                       bank5        000000
__Lbigbss                      bigbss       000000
__Lbigdata                     bigdata      000000
__Lbigram                      bigram       000000
__Lbigsfr                      bigsfr       000000
__Lbss                         bss          000000
__LbssBANK0                    bssBANK0     000000
__LbssBANK1                    bssBANK1     000000
__LbssBANK2                    bssBANK2     000000
__LbssCOMRAM                   bssCOMRAM    000000
__Lcinit                       cinit        000000
__Lclrtext                     clrtext      000000
__Lcomram                      comram       000000
__Lconfig                      config       000000
__Lconst                       const        000000
__LcstackBANK0                 cstackBANK0  000000
__LcstackCOMRAM                cstackCOMRAM 000000
__Ldata                        data         000000
__Leeprom_data                 eeprom_data  000000
__Lfarbss                      farbss       000000
__Lfardata                     fardata      000000
__Lheap                        heap         000000
__Libigdata                    ibigdata     000000
__Lidata                       idata        000000
__Lidloc                       idloc        000000
__Lifardata                    ifardata     000000
__Linit                        init         00006C
__Lintcode                     intcode      000008
__Lintcode_body                intcode_body 000000
__Lintcodelo                   intcodelo    000018
__Lintentry                    intentry     000000
__Lintret                      intret       000000
__Lintsave_regs                intsave_regs 000000
__Lirdata                      irdata       000000
__Lmediumconst                 mediumconst  007CCC
__LnvFARRAM                    nvFARRAM     000000
__Lnvbit                       nvbit        000000
__Lnvrram                      nvrram       000000
__Lparam                       rparam       000000
__Lpowerup                     powerup      00006C
__Lram                         ram          000000
__Lramtop                      ramtop       000600
__Lrbit                        rbit         000000
__Lrbss                        rbss         000000
__Lrdata                       rdata        000000
__Lreset_vec                   reset_vec    000000
__Lrparam                      rparam       000000
__Lsfr                         sfr          000000
__Lsmallconst                  smallconst   000000
__Lspace_0                     (abs)        000000
__Lspace_1                     (abs)        000000
__Lspace_2                     (abs)        000000
__Lspace_4                     (abs)        000000
__Lstack                       stack        000000
__Lstruct                      struct       000000
__Ltemp                        temp         000044
__Ltext                        text         000000
__Ltext0                       text0        000000
__Ltext1                       text1        000000
__Ltext10                      text10       000000
__Ltext11                      text11       000000
__Ltext12                      text12       000000
__Ltext13                      text13       000000
__Ltext14                      text14       000000
__Ltext15                      text15       000000
__Ltext16                      text16       000000
__Ltext17                      text17       000000
__Ltext18                      text18       000000
__Ltext19                      text19       000000
__Ltext2                       text2        000000
__Ltext21                      text21       000000
__Ltext22                      text22       000000
__Ltext23                      text23       000000
__Ltext25                      text25       000000
__Ltext26                      text26       000000
__Ltext27                      text27       000000
__Ltext28                      text28       000000
__Ltext29                      text29       000000
__Ltext3                       text3        000000
__Ltext30                      text30       000000
__Ltext31                      text31       000000
__Ltext32                      text32       000000
__Ltext33                      text33       000000
__Ltext34                      text34       000000
__Ltext35                      text35       000000
__Ltext36                      text36       000000
__Ltext4                       text4        000000
__Ltext5                       text5        000000
__Ltext6                       text6        000000
__Ltext7                       text7        000000
__Ltext8                       text8        000000
__Ltext9                       text9        000000
__S0                           (abs)        007DC0
__S1                           (abs)        0002C8
__S4                           (abs)        000000
__S5                           (abs)        000000
___awdiv                       text10       000B56
___awdiv@counter               cstackBANK0  0000C4
___awdiv@dividend              cstackBANK0  0000C0
___awdiv@divisor               cstackBANK0  0000C2
___awdiv@quotient              cstackBANK0  0000C6
___awdiv@sign                  cstackBANK0  0000C5
___awmod                       text9        000E56
___awmod@counter               cstackBANK0  0000C4
___awmod@dividend              cstackBANK0  0000C0
___awmod@divisor               cstackBANK0  0000C2
___awmod@sign                  cstackBANK0  0000C5
___heap_hi                     (abs)        000000
___heap_lo                     (abs)        000000
___inthi_sp                    stack        000000
___inthi_stack_hi              stack        000000
___inthi_stack_lo              stack        000000
___intlo_sp                    stack        000000
___intlo_stack_hi              stack        000000
___intlo_stack_lo              stack        000000
___param_bank                  (abs)        000000
___rparam_used                 (abs)        000001
___sp                          stack        000000
___stack_hi                    stack        000000
___stack_lo                    stack        000000
__accesstop                    (abs)        000080
__activetblptr                 (abs)        000002
__end_of_ADC_Initialize        text19       0014D2
__end_of_CCP1_Initialize       text18       001172
__end_of_ClearBuffer           text13       00123C
__end_of_Hi_ISR                intcode_body 000A7C
__end_of_INTERRUPT_Initialize  text17       001508
__end_of_Lo_ISR                intcodelo    00006C
__end_of_MyusartRead           text21       0010E6
__end_of_OSCILLATOR_Initialize text16       0014A6
__end_of_SYSTEM_Initialize     text14       0014BC
__end_of_UART_Initialize       text15       001476
__end_of_UART_Write            text12       00148E
__end_of_UART_Write_Text       text11       0011FA
__end_of___awdiv               text10       000C1C
__end_of___awmod               text9        000F08
__end_of__initialization       cinit        00136A
__end_of_abs                   text8        001420
__end_of_add_score             text1        000B56
__end_of_fputc                 text6        000D9C
__end_of_main                  text0        000546
__end_of_putch                 text7        00150A
__end_of_sprintf               text3        0011B6
__end_of_strcpy                text2        0013B2
__end_of_vfpfcnvrt             text5        000724
__end_of_vfprintf              text4        00112C
__end_ofi1_UART_Write          text23       0014E8
__end_ofi1___awmod             text22       000FB8
__end_ofi2_ClearBuffer         text36       00133E
__end_ofi2_UART_Write          text35       0014FE
__end_ofi2_UART_Write_Text     text34       0012FE
__end_ofi2___awdiv             text33       000CE0
__end_ofi2___awmod             text32       001068
__end_ofi2_abs                 text31       001454
__end_ofi2_fputc               text29       000E56
__end_ofi2_putch               text30       00150C
__end_ofi2_sprintf             text26       0012BE
__end_ofi2_strcpy              text25       0013EA
__end_ofi2_vfpfcnvrt           text28       0008FA
__end_ofi2_vfprintf            text27       00127E
__initialization               cinit        00133E
__mediumconst                  mediumconst  007CCC
__pbssBANK0                    bssBANK0     000080
__pbssBANK1                    bssBANK1     000100
__pbssBANK2                    bssBANK2     000200
__pbssCOMRAM                   bssCOMRAM    000040
__pcinit                       cinit        00133E
__pcstackBANK0                 cstackBANK0  0000BB
__pcstackCOMRAM                cstackCOMRAM 000001
__pintcode                     intcode      000008
__pintcode_body                intcode_body 0008FA
__pintcodelo                   intcodelo    000018
__pmediumconst                 mediumconst  007CCC
__ptext0                       text0        000070
__ptext1                       text1        000A7C
__ptext10                      text10       000B56
__ptext11                      text11       0011B6
__ptext12                      text12       001476
__ptext13                      text13       0011FA
__ptext14                      text14       0014A6
__ptext15                      text15       001454
__ptext16                      text16       00148E
__ptext17                      text17       0014FE
__ptext18                      text18       00112C
__ptext19                      text19       0014BC
__ptext2                       text2        001378
__ptext21                      text21       001068
__ptext22                      text22       000F08
__ptext23                      text23       0014D2
__ptext25                      text25       0013B2
__ptext26                      text26       00127E
__ptext27                      text27       00123C
__ptext28                      text28       000724
__ptext29                      text29       000D9C
__ptext3                       text3        001172
__ptext30                      text30       00150A
__ptext31                      text31       001420
__ptext32                      text32       000FB8
__ptext33                      text33       000C1C
__ptext34                      text34       0012BE
__ptext35                      text35       0014E8
__ptext36                      text36       0012FE
__ptext4                       text4        0010E6
__ptext5                       text5        000546
__ptext6                       text6        000CE0
__ptext7                       text7        001508
__ptext8                       text8        0013EA
__ptext9                       text9        000E56
__ramtop                       ramtop       000600
__smallconst                   smallconst   000000
_abs                           text8        0013EA
_add_score                     text1        000A7C
_button                        bssCOMRAM    000042
_d1                            bssBANK0     0000B0
_d2                            bssBANK0     0000AE
_d3                            bssBANK0     0000AC
_d4                            bssBANK0     0000AA
_d5                            bssBANK0     0000A8
_d6                            bssBANK0     0000A6
_dbuf                          bssBANK0     000080
_down                          bssBANK0     0000B2
_flags                         bssBANK0     0000BA
_fputc                         text6        000CE0
_lenStr                        bssCOMRAM    000040
_main                          text0        000070
_mystring                      bssBANK2     000200
_prec                          bssBANK0     0000A2
_putch                         text7        001508
_ready                         bssBANK0     0000A4
_score                         bssBANK0     0000B8
_sprintf                       text3        001172
_state                         bssBANK0     0000B6
_stop                          bssBANK0     0000B4
_str                           bssBANK1     000100
_strcpy                        text2        001378
_vfpfcnvrt                     text5        000546
_vfprintf                      text4        0010E6
_width                         bssBANK0     0000A0
abs@a                          cstackBANK0  0000C6
btemp                          temp         000044
end_of_initialization          cinit        00136A
fputc@c                        cstackBANK0  0000C0
fputc@fp                       cstackBANK0  0000C2
i1UART_Write@data              cstackCOMRAM 000039
i1_UART_Write                  text23       0014D2
i1___awmod                     text22       000F08
i1___awmod@counter             cstackCOMRAM 00003D
i1___awmod@dividend            cstackCOMRAM 000039
i1___awmod@divisor             cstackCOMRAM 00003B
i1___awmod@sign                cstackCOMRAM 00003E
i2ClearBuffer@i                cstackCOMRAM 000001
i2UART_Write@data              cstackCOMRAM 000001
i2UART_Write_Text@i            cstackCOMRAM 000004
i2UART_Write_Text@text         cstackCOMRAM 000002
i2_ClearBuffer                 text36       0012FE
i2_UART_Write                  text35       0014E8
i2_UART_Write_Text             text34       0012BE
i2___awdiv                     text33       000C1C
i2___awdiv@counter             cstackCOMRAM 000005
i2___awdiv@dividend            cstackCOMRAM 000001
i2___awdiv@divisor             cstackCOMRAM 000003
i2___awdiv@quotient            cstackCOMRAM 000007
i2___awdiv@sign                cstackCOMRAM 000006
i2___awmod                     text32       000FB8
i2___awmod@counter             cstackCOMRAM 000005
i2___awmod@dividend            cstackCOMRAM 000001
i2___awmod@divisor             cstackCOMRAM 000003
i2___awmod@sign                cstackCOMRAM 000006
i2_abs                         text31       001420
i2_fputc                       text29       000D9C
i2_putch                       text30       00150A
i2_sprintf                     text26       00127E
i2_strcpy                      text25       0013B2
i2_vfpfcnvrt                   text28       000724
i2_vfprintf                    text27       00123C
i2abs@a                        cstackCOMRAM 000007
i2fputc@c                      cstackCOMRAM 000001
i2fputc@fp                     cstackCOMRAM 000003
i2sprintf@ap                   cstackCOMRAM 000024
i2sprintf@f                    cstackCOMRAM 000025
i2sprintf@fmt                  cstackCOMRAM 000020
i2sprintf@s                    cstackCOMRAM 00001E
i2strcpy@d                     cstackCOMRAM 000005
i2strcpy@dest                  cstackCOMRAM 000001
i2strcpy@src                   cstackCOMRAM 000003
i2vfpfcnvrt@ap                 cstackCOMRAM 00000D
i2vfpfcnvrt@c                  cstackCOMRAM 000017
i2vfpfcnvrt@convarg            cstackCOMRAM 000013
i2vfpfcnvrt@cp                 cstackCOMRAM 000011
i2vfpfcnvrt@done               cstackCOMRAM 000010
i2vfpfcnvrt@fmt                cstackCOMRAM 00000C
i2vfpfcnvrt@fp                 cstackCOMRAM 00000B
i2vfprintf@ap                  cstackCOMRAM 00001B
i2vfprintf@cfmt                cstackCOMRAM 00001C
i2vfprintf@fmt                 cstackCOMRAM 000019
i2vfprintf@fp                  cstackCOMRAM 000018
int$flags                      temp         000044
int_func                       intcode_body 0008FA
intlevel0                      text         000000
intlevel1                      text         000000
intlevel2                      text         000000
intlevel3                      text         000000
isa$std                        (abs)        000001
isa$xinst                      (abs)        000000
sprintf@ap                     cstackBANK0  0000E3
sprintf@f                      cstackBANK0  0000E4
sprintf@fmt                    cstackBANK0  0000DF
sprintf@s                      cstackBANK0  0000DD
stackhi                        (abs)        000000
stacklo                        (abs)        000000
start                          init         00006C
start_initialization           cinit        00133E
strcpy@d                       cstackBANK0  0000C4
strcpy@dest                    cstackBANK0  0000C0
strcpy@src                     cstackBANK0  0000C2
ttemp5                         temp         000045
ttemp6                         temp         000048
ttemp7                         temp         00004C
vfpfcnvrt@ap                   cstackBANK0  0000CC
vfpfcnvrt@c                    cstackBANK0  0000D6
vfpfcnvrt@convarg              cstackBANK0  0000D2
vfpfcnvrt@cp                   cstackBANK0  0000D0
vfpfcnvrt@done                 cstackBANK0  0000CF
vfpfcnvrt@fmt                  cstackBANK0  0000CB
vfpfcnvrt@fp                   cstackBANK0  0000CA
vfprintf@ap                    cstackBANK0  0000DA
vfprintf@cfmt                  cstackBANK0  0000DB
vfprintf@fmt                   cstackBANK0  0000D8
vfprintf@fp                    cstackBANK0  0000D7
wtemp8                         temp         000045


MODULE INFORMATION

Module		Function		Class		Link	Load	Size
setting_hardaware/interrupt_manager.c
		_INTERRUPT_Initialize		CODE           	14FE	0000	10

setting_hardaware/interrupt_manager.c estimated size: 10

setting_hardaware/uart.c
		_Lo_ISR        		CODE           	0018	0000	84
		_MyusartRead   		CODE           	1068	0000	126
		_UART_Write_Text		CODE           	11B6	0000	68
		_ClearBuffer   		CODE           	11FA	0000	66
		_UART_Initialize		CODE           	1454	0000	34
		_UART_Write    		CODE           	1476	0000	24

setting_hardaware/uart.c estimated size: 402

setting_hardaware/ccp1.c
		_CCP1_Initialize		CODE           	112C	0000	70

setting_hardaware/ccp1.c estimated size: 70

setting_hardaware/adc.c
		_ADC_Initialize		CODE           	14BC	0000	22

setting_hardaware/adc.c estimated size: 22

C:\Program Files\Microchip\xc8\v2.45\pic\sources\c99\common\nf_sprintf.c
		_sprintf       		CODE           	1172	0000	68

C:\Program Files\Microchip\xc8\v2.45\pic\sources\c99\common\nf_sprintf.c estimated size: 68

C:\Program Files\Microchip\xc8\v2.45\pic\sources\c99\common\awmod.c
		___awmod       		CODE           	0E56	0000	178

C:\Program Files\Microchip\xc8\v2.45\pic\sources\c99\common\awmod.c estimated size: 178

C:\Program Files\Microchip\xc8\v2.45\pic\sources\c99\common\putch.c
		_putch         		CODE           	1508	0000	2

C:\Program Files\Microchip\xc8\v2.45\pic\sources\c99\common\putch.c estimated size: 2

shared
		i2_vfpfcnvrt   		CODE           	0724	0000	470
		i2_abs         		CODE           	1420	0000	52
		i2_putch       		CODE           	150A	0000	2
		i2_ClearBuffer 		CODE           	12FE	0000	64
		i2_vfprintf    		CODE           	123C	0000	66
		i2_strcpy      		CODE           	13B2	0000	56
		i1_UART_Write  		CODE           	14D2	0000	22
		i2_UART_Write  		CODE           	14E8	0000	22
		i2___awdiv     		CODE           	0C1C	0000	196
		__initialization		CODE           	133E	0000	44
		i1___awmod     		CODE           	0F08	0000	176
		i2___awmod     		CODE           	0FB8	0000	176
		i2_sprintf     		CODE           	127E	0000	64
		i2_UART_Write_Text		CODE           	12BE	0000	64
		i2_fputc       		CODE           	0D9C	0000	186

shared estimated size: 1660

C:\Program Files\Microchip\xc8\v2.45\pic\sources\c99\common\abs.c
		_abs           		CODE           	13EA	0000	54

C:\Program Files\Microchip\xc8\v2.45\pic\sources\c99\common\abs.c estimated size: 54

setting_hardaware/setting.c
		_OSCILLATOR_Initialize		CODE           	148E	0000	24
		_SYSTEM_Initialize		CODE           	14A6	0000	22

setting_hardaware/setting.c estimated size: 46

C:\Program Files\Microchip\xc8\v2.45\pic\sources\c99\common\strcpy.c
		_strcpy        		CODE           	1378	0000	58

C:\Program Files\Microchip\xc8\v2.45\pic\sources\c99\common\strcpy.c estimated size: 58

main.c
		_main          		CODE           	0070	0000	1238
		_add_score     		CODE           	0A7C	0000	218
		_Hi_ISR        		CODE           	0008	0000	392

main.c estimated size: 1848

C:\Program Files\Microchip\xc8\v2.45\pic\sources\c99\common\nf_fputc.c
		_fputc         		CODE           	0CE0	0000	188

C:\Program Files\Microchip\xc8\v2.45\pic\sources\c99\common\nf_fputc.c estimated size: 188

C:\Program Files\Microchip\xc8\v2.45\pic\sources\c99\common\doprnt.c
		_vfpfcnvrt     		CODE           	0546	0000	478
		_vfprintf      		CODE           	10E6	0000	70

C:\Program Files\Microchip\xc8\v2.45\pic\sources\c99\common\doprnt.c estimated size: 548

C:\Program Files\Microchip\xc8\v2.45\pic\sources\c99\common\awdiv.c
		___awdiv       		CODE           	0B56	0000	198

C:\Program Files\Microchip\xc8\v2.45\pic\sources\c99\common\awdiv.c estimated size: 198

